// Jest Snapshot v1, https://goo.gl/fbAQLP

exports[`expect to render App component 1`] = `
<div
  className="sc-dnqmqq gqcTDv"
>
  0
  <div
    className="sc-gzVnrw kPKqNa"
  >
    <div
      className="sc-bwzfXH islmOK"
      direction="column"
    >
      <div
        className="sc-bwzfXH iSONxz"
        direction="row"
      >
        <div
          className="sc-htpNat eEBUlg"
          color="#e1e1e1"
        >
          <div
            className="sc-bwzfXH dmJOrF"
            height="100%"
          >
            <i
              aria-hidden="true"
              className="car icon sc-bxivhb vcXGv"
              fontSize="25px"
              height="20px"
              onClick={[Function]}
              overridecolor="#007a93"
              padding="0 0 0 0"
              position="absolute"
            />
          </div>
        </div>
        <div
          className="sc-ifAKCX dquRAm"
          height="38px"
          onBlur={[Function]}
          onClick={[Function]}
          onFocus={[Function]}
          onMouseEnter={[Function]}
          onMouseLeave={[Function]}
          width="38px"
        >
          <div
            className="sc-bwzfXH hETasM"
            height="100%"
          >
            <i
              aria-hidden="true"
              className="male large icon sc-bxivhb hgrlEC"
              onClick={[Function]}
              overridecolor="#a6cad8"
              padding="0 0 0 0"
              position="absolute"
            />
          </div>
        </div>
      </div>
      <div
        className="ui divider sc-htoDjs lgjrUI"
      />
      <div
        className="sc-bwzfXH fOQsml"
        direction="row"
      >
        <div
          className="sc-htpNat iOFJBU"
          color="#007a93"
        >
          <div
            className="sc-bwzfXH gzsoVo"
            height="100%"
          >
            <i
              aria-hidden="true"
              className="map marker alternate icon sc-bxivhb gUqPoa"
              fontSize="25px"
              height="20px"
              onClick={[Function]}
              overridecolor="white"
              padding="0 0 0 0"
              position="absolute"
            />
          </div>
        </div>
        <div
          className="ui fluid input sc-bZQynM dlgHZH"
        >
          <input
            onBlur={[Function]}
            onChange={[Function]}
            onFocus={[Function]}
            placeholder="Origin"
            type="text"
            value=""
          />
        </div>
      </div>
      <div
        className="sc-bwzfXH fOQsml"
        direction="row"
      >
        <div
          className="sc-htpNat iOFJBU"
          color="#007a93"
        >
          <div
            className="sc-bwzfXH gzsoVo"
            height="100%"
          >
            <i
              aria-hidden="true"
              className="map marker icon sc-bxivhb gUqPoa"
              fontSize="25px"
              height="20px"
              onClick={[Function]}
              overridecolor="white"
              padding="0 0 0 0"
              position="absolute"
            />
          </div>
        </div>
        <div
          className="ui fluid input sc-bZQynM dlgHZH"
        >
          <input
            onBlur={[Function]}
            onChange={[Function]}
            onFocus={[Function]}
            placeholder="Destination"
            type="text"
            value=""
          />
        </div>
      </div>
    </div>
  </div>
  <div
    className="sc-bdVaJa jthvZh"
  />
</div>
`;
