// Jest Snapshot v1, https://goo.gl/fbAQLP

exports[`expect to render Panel comoponent 1`] = `
<div
  className="sc-bdVaJa jthvZh"
/>
`;
