// Jest Snapshot v1, https://goo.gl/fbAQLP

exports[`expect to render Panel component 1`] = `
<div
  className="sc-htoDjs eDjBPZ"
>
  <div
    className="sc-bdVaJa jsucjq"
    direction="column"
  >
    <div
      className="sc-bdVaJa fuiAsE"
      direction="row"
    >
      <div
        onBlur={[Function]}
        onClick={[Function]}
        onFocus={[Function]}
        onMouseEnter={[Function]}
        onMouseLeave={[Function]}
      >
        <div
          className="sc-bwzfXH ksYGh"
          color={false}
          cursor="pointer"
        >
          <div
            className="sc-bdVaJa dbHwHO"
            height="100%"
          >
            <i
              aria-hidden="true"
              className="car icon sc-htpNat bxTmCt"
              fontSize="25px"
              height="20px"
              onClick={[Function]}
              overridecolor="#a6cad8"
              padding="0 0 0 0"
              position="absolute"
            />
          </div>
        </div>
      </div>
      <div
        onBlur={[Function]}
        onClick={[Function]}
        onFocus={[Function]}
        onMouseEnter={[Function]}
        onMouseLeave={[Function]}
      >
        <div
          className="sc-bwzfXH ksYGh"
          color={false}
          cursor="pointer"
        >
          <div
            className="sc-bdVaJa dbHwHO"
            height="100%"
          >
            <i
              aria-hidden="true"
              className="male icon sc-htpNat bxTmCt"
              fontSize="25px"
              height="20px"
              onClick={[Function]}
              overridecolor="#a6cad8"
              padding="0 0 0 0"
              position="absolute"
            />
          </div>
        </div>
      </div>
    </div>
    <div
      className="ui divider sc-dnqmqq hWpGx"
    />
    <div
      className="sc-bdVaJa gSlpgJ"
      direction="row"
    >
      <div
        className="sc-bwzfXH jWeZli"
        color="#007a93"
      >
        <div
          className="sc-bdVaJa lajepV"
          height="100%"
        >
          <i
            aria-hidden="true"
            className="map marker alternate icon sc-htpNat iIqnlv"
            fontSize="25px"
            height="20px"
            onClick={[Function]}
            overridecolor="white"
            padding="0 0 0 0"
            position="absolute"
          />
        </div>
      </div>
      <div
        className="ui fluid input sc-EHOje jROHdq"
      >
        <input
          onBlur={[Function]}
          onChange={[Function]}
          onFocus={[Function]}
          placeholder="Origin"
          type="text"
          value=""
        />
      </div>
    </div>
    <div
      className="sc-bdVaJa gSlpgJ"
      direction="row"
    >
      <div
        className="sc-bwzfXH jWeZli"
        color="#007a93"
      >
        <div
          className="sc-bdVaJa lajepV"
          height="100%"
        >
          <i
            aria-hidden="true"
            className="flag checkered icon sc-htpNat iIqnlv"
            fontSize="25px"
            height="20px"
            onClick={[Function]}
            overridecolor="white"
            padding="0 0 0 0"
            position="absolute"
          />
        </div>
      </div>
      <div
        className="ui fluid input sc-EHOje jROHdq"
      >
        <input
          onBlur={[Function]}
          onChange={[Function]}
          onFocus={[Function]}
          placeholder="Destination"
          type="text"
          value=""
        />
      </div>
    </div>
    <div
      className="ui divider sc-dnqmqq hWpGx"
    />
    <div
      className="sc-bdVaJa bSEcKq"
      direction="row"
    >
      <div
        className="sc-bdVaJa jKBHhj"
        direction="column"
        width="50%"
      >
        <div
          className="sc-bdVaJa bouXiG"
          direction="row"
          height="50px"
        >
          <div
            className="ui fitted toggle checkbox custom-class sc-gZMcBi iQoUkb"
            onChange={[Function]}
            onClick={[Function]}
            onMouseDown={[Function]}
            onMouseUp={[Function]}
          >
            <input
              checked={false}
              className="hidden"
              readOnly={true}
              tabIndex={0}
              type="checkbox"
            />
            <label />
          </div>
          <label
            className="sc-iwsKbI gfrWkS"
          >
            Covered Areas
          </label>
        </div>
        <div
          className="sc-bdVaJa bouXiG"
          direction="row"
          height="50px"
        >
          <div
            className="ui fitted toggle checkbox sc-gZMcBi iQoUkb"
            onChange={[Function]}
            onClick={[Function]}
            onMouseDown={[Function]}
            onMouseUp={[Function]}
          >
            <input
              checked={false}
              className="hidden"
              readOnly={true}
              tabIndex={0}
              type="checkbox"
            />
            <label />
          </div>
          <label
            className="sc-iwsKbI gfrWkS"
          >
            Routing Graph
          </label>
        </div>
      </div>
      <div
        className="sc-bdVaJa fiugTd"
        direction="column"
        width="40%"
      >
        <div
          className="sc-bxivhb edpdVn"
          width="40%"
        />
      </div>
    </div>
  </div>
</div>
`;
